// Jest Snapshot v1, https://goo.gl/fbAQLP

exports[`ComponentView.vue should render like the snapshot 1`] = `
<div
  class="home"
>
  <h2>
    Overview of the todo app's component structure
  </h2>
   
  <img
    src="@/assets/ComponentsLabs.png"
  />
</div>
`;
