// Jest Snapshot v1, https://goo.gl/fbAQLP

exports[`ListOfTodos.vue has the expected html structure 1`] = `
<div>
  <ul
    class="md-list md-theme-default"
  />
</div>
`;
