// Jest Snapshot v1, https://goo.gl/fbAQLP

exports[`NewTodo.vue has the expected html structure 1`] = `<!---->`;
